$ mysqldump learning_center > backup.sql
gitpod /workspace/weintraubm320 $ mysql
Welcome to the MySQL monitor.  Commands end with ; or \g.
Your MySQL connection id is 10
Server version: 8.0.21-0ubuntu0.20.04.4 (Ubuntu)

Copyright (c) 2000, 2020, Oracle and/or its affiliates. All rights reserved.

Oracle is a registered trademark of Oracle Corporation and/or its
affiliates. Other names may be trademarks of their respective
owners.

Type 'help;' or '\h' for help. Type '\c' to clear the current input statement.

mysql> show tables;
ERROR 1046 (3D000): No database selected
mysql> use learning_center;
Reading table information for completion of table and column names
You can turn off this feature to get a quicker startup with -A

Database changed
mysql> show tables:
    -> ;
ERROR 1064 (42000): You have an error in your SQL syntax; check the manual that corresponds to your MySQL server version for the right syntax to use near ':' at line 1
mysql> show tables;
+---------------------------+
| Tables_in_learning_center |
+---------------------------+
| computer                  |
| location                  |
| major                     |
| printer                   |
| real_commuters            |
| sport                     |
| staff                     |
| student                   |
| student_major             |
| student_sport             |
| visit                     |
| visit1nf                  |
| visit2nf                  |
+---------------------------+
13 rows in set (0.00 sec)

mysql> drop table major;
Query OK, 0 rows affected (0.08 sec)

mysql> truncate table sport;
Query OK, 0 rows affected (1.77 sec)

mysql> show tables;
+---------------------------+
| Tables_in_learning_center |
+---------------------------+
| computer                  |
| location                  |
| printer                   |
| real_commuters            |
| sport                     |
| staff                     |
| student                   |
| student_major             |
| student_sport             |
| visit                     |
| visit1nf                  |
| visit2nf                  |
+---------------------------+
12 rows in set (0.00 sec)

mysql> select * from sportl
    -> ^C^C

^C
mysql> select * from sport;
Empty set (0.00 sec)

mysql> exit
Bye

mysql  learning_center < backup.sql

gitpod /workspace/weintraubm320 $ 
gitpod /workspace/weintraubm320 $ 

gitpod /workspace/weintraubm320 $ 
gitpod /workspace/weintraubm320 $ 
gitpod /workspace/weintraubm320 $ mysql
Welcome to the MySQL monitor.  Commands end with ; or \g.
Your MySQL connection id is 13
Server version: 8.0.21-0ubuntu0.20.04.4 (Ubuntu)

Copyright (c) 2000, 2020, Oracle and/or its affiliates. All rights reserved.

Oracle is a registered trademark of Oracle Corporation and/or its
affiliates. Other names may be trademarks of their respective
owners.

Type 'help;' or '\h' for help. Type '\c' to clear the current input statement.

mysql> use learning_center;
Reading table information for completion of table and column names
You can turn off this feature to get a quicker startup with -A

Database changed
mysql> show tables;
+---------------------------+
| Tables_in_learning_center |
+---------------------------+
| computer                  |
| location                  |
| major                     |
| printer                   |
| real_commuters            |
| sport                     |
| staff                     |
| student                   |
| student_major             |
| student_sport             |
| visit                     |
| visit1nf                  |
| visit2nf                  |
+---------------------------+
13 rows in set (0.00 sec)

mysql> 